

20250329


[root@NTNX-69d33309-A ~]# sh ip
/usr/sbin/ip: /usr/sbin/ip: cannot execute binary file
[root@NTNX-69d33309-A ~]# ip link
1: lo: <LOOPBACK,UP,LOWER_UP> mtu 65536 qdisc noqueue state UNKNOWN mode DEFAULT group default qlen 1000
    link/loopback 00:00:00:00:00:00 brd 00:00:00:00:00:00
2: eth1: <BROADCAST,MULTICAST,UP,LOWER_UP> mtu 1500 qdisc mq master ovs-system state UP mode DEFAULT group default qlen 1000
    link/ether a0:36:9f:1f:bc:9c brd ff:ff:ff:ff:ff:ff
    altname enp2s0f0
3: eth0: <NO-CARRIER,BROADCAST,MULTICAST,UP> mtu 1500 qdisc fq_codel master ovs-system state DOWN mode DEFAULT group default qlen 1000
    link/ether c8:d9:d2:2d:e3:2b brd ff:ff:ff:ff:ff:ff
    altname eno1
    altname enp0s31f6
4: eth2: <NO-CARRIER,BROADCAST,MULTICAST,UP> mtu 1500 qdisc mq master ovs-system state DOWN mode DEFAULT group default qlen 1000
    link/ether a0:36:9f:1f:bc:9d brd ff:ff:ff:ff:ff:ff
    altname enp2s0f1
5: eth3: <NO-CARRIER,BROADCAST,MULTICAST,UP> mtu 1500 qdisc mq master ovs-system state DOWN mode DEFAULT group default qlen 1000
    link/ether a0:36:9f:1f:bc:9e brd ff:ff:ff:ff:ff:ff
    altname enp2s0f2
6: eth4: <NO-CARRIER,BROADCAST,MULTICAST,UP> mtu 1500 qdisc mq master ovs-system state DOWN mode DEFAULT group default qlen 1000
    link/ether a0:36:9f:1f:bc:9f brd ff:ff:ff:ff:ff:ff
    altname enp2s0f3
7: ovs-system: <BROADCAST,MULTICAST> mtu 1500 qdisc noop state DOWN mode DEFAULT group default qlen 1000
    link/ether 62:72:dd:6d:6b:58 brd ff:ff:ff:ff:ff:ff
8: br0: <BROADCAST,MULTICAST,UP,LOWER_UP> mtu 1500 qdisc noqueue state UNKNOWN mode DEFAULT group default qlen 1000
    link/ether c8:d9:d2:2d:e3:2b brd ff:ff:ff:ff:ff:ff
9: virbr0: <BROADCAST,MULTICAST,UP,LOWER_UP> mtu 1500 qdisc noqueue state UP mode DEFAULT group default qlen 1000
    link/ether 52:54:00:ea:d7:e3 brd ff:ff:ff:ff:ff:ff
10: vnet0: <BROADCAST,MULTICAST,UP,LOWER_UP> mtu 1500 qdisc mq master ovs-system state UNKNOWN mode DEFAULT group default qlen 1000
    link/ether fe:54:00:85:57:f7 brd ff:ff:ff:ff:ff:ff
11: vnet1: <BROADCAST,MULTICAST,UP,LOWER_UP> mtu 1500 qdisc noqueue master virbr0 state UNKNOWN mode DEFAULT group default qlen 1000
    link/ether fe:54:00:41:b3:53 brd ff:ff:ff:ff:ff:ff
12: vnet2: <BROADCAST,MULTICAST,UP,LOWER_UP> mtu 1500 qdisc mq master ovs-system state UNKNOWN mode DEFAULT group default qlen 1000
    link/ether fe:54:00:35:b8:87 brd ff:ff:ff:ff:ff:ff
[root@NTNX-69d33309-A ~]# ip -4 a
1: lo: <LOOPBACK,UP,LOWER_UP> mtu 65536 qdisc noqueue state UNKNOWN group default qlen 1000
    inet 127.0.0.1/8 scope host lo
       valid_lft forever preferred_lft forever
8: br0: <BROADCAST,MULTICAST,UP,LOWER_UP> mtu 1500 qdisc noqueue state UNKNOWN group default qlen 1000
    inet 192.168.86.180/24 brd 192.168.86.255 scope global br0
       valid_lft forever preferred_lft forever
9: virbr0: <BROADCAST,MULTICAST,UP,LOWER_UP> mtu 1500 qdisc noqueue state UP group default qlen 1000
    inet 192.168.5.1/24 brd 192.168.5.255 scope global virbr0
       valid_lft forever preferred_lft forever
[root@NTNX-69d33309-A ~]# 



If you’re seeing cluster: command not found on an AHV (Acropolis Hypervisor) install, it usually means:

You’re inside the AHV host (the hypervisor) — not the Nutanix CVM.

The cluster command is not available on the hypervisor (AHV) itself. It’s only available on the Controller VM (CVM), which runs the Nutanix management software.



[root@NTNX-69d33309-A ~]# cluster -s "192.168.86.181" --redundancy_factor=1 create
-bash: cluster: command not found
[root@NTNX-69d33309-A ~]# ?
-bash: ?: command not found
[root@NTNX-69d33309-A ~]# 
[root@NTNX-69d33309-A ~]# help
GNU bash, version 4.4.20(1)-release (x86_64-redhat-linux-gnu)
These shell commands are defined internally.  Type `help' to see this list.
Type `help name' to find out more about the function `name'.
Use `info bash' to find out more about the shell in general.
Use `man -k' or `info' to find out more about commands not in this list.

A star (*) next to a name means that the command is disabled.

 job_spec [&]                                                                                           history [-c] [-d offset] [n] or history -anrw [filename] or history -ps arg [arg...]
 (( expression ))                                                                                       if COMMANDS; then COMMANDS; [ elif COMMANDS; then COMMANDS; ]... [ else COMMANDS; ] fi
 . filename [arguments]                                                                                 jobs [-lnprs] [jobspec ...] or jobs -x command [args]
 :                                                                                                      kill [-s sigspec | -n signum | -sigspec] pid | jobspec ... or kill -l [sigspec]
 [ arg... ]                                                                                             let arg [arg ...]
 [[ expression ]]                                                                                       local [option] name[=value] ...
 alias [-p] [name[=value] ... ]                                                                         logout [n]
 bg [job_spec ...]                                                                                      mapfile [-d delim] [-n count] [-O origin] [-s count] [-t] [-u fd] [-C callback] [-c quantum] [arra>
 bind [-lpsvPSVX] [-m keymap] [-f filename] [-q name] [-u name] [-r keyseq] [-x keyseq:shell-command]>  popd [-n] [+N | -N]
 break [n]                                                                                              printf [-v var] format [arguments]
 builtin [shell-builtin [arg ...]]                                                                      pushd [-n] [+N | -N | dir]
 caller [expr]                                                                                          pwd [-LP]
 case WORD in [PATTERN [| PATTERN]...) COMMANDS ;;]... esac                                             read [-ers] [-a array] [-d delim] [-i text] [-n nchars] [-N nchars] [-p prompt] [-t timeout] [-u fd>
 cd [-L|[-P [-e]] [-@]] [dir]                                                                           readarray [-n count] [-O origin] [-s count] [-t] [-u fd] [-C callback] [-c quantum] [array]
 command [-pVv] command [arg ...]                                                                       readonly [-aAf] [name[=value] ...] or readonly -p
 compgen [-abcdefgjksuv] [-o option] [-A action] [-G globpat] [-W wordlist]  [-F function] [-C comman>  return [n]
 complete [-abcdefgjksuv] [-pr] [-DE] [-o option] [-A action] [-G globpat] [-W wordlist]  [-F functio>  select NAME [in WORDS ... ;] do COMMANDS; done
 compopt [-o|+o option] [-DE] [name ...]                                                                set [-abefhkmnptuvxBCHP] [-o option-name] [--] [arg ...]
 continue [n]                                                                                           shift [n]
 coproc [NAME] command [redirections]                                                                   shopt [-pqsu] [-o] [optname ...]
 declare [-aAfFgilnrtux] [-p] [name[=value] ...]                                                        source filename [arguments]
 dirs [-clpv] [+N] [-N]                                                                                 suspend [-f]
 disown [-h] [-ar] [jobspec ... | pid ...]                                                              test [expr]
 echo [-neE] [arg ...]                                                                                  time [-p] pipeline
 enable [-a] [-dnps] [-f filename] [name ...]                                                           times
 eval [arg ...]                                                                                         trap [-lp] [[arg] signal_spec ...]
 exec [-cl] [-a name] [command [arguments ...]] [redirection ...]                                       true
 exit [n]                                                                                               type [-afptP] name [name ...]
 export [-fn] [name[=value] ...] or export -p                                                           typeset [-aAfFgilnrtux] [-p] name[=value] ...
 false                                                                                                  ulimit [-SHabcdefiklmnpqrstuvxPT] [limit]
 fc [-e ename] [-lnr] [first] [last] or fc -s [pat=rep] [command]                                       umask [-p] [-S] [mode]
 fg [job_spec]                                                                                          unalias [-a] name [name ...]
 for NAME [in WORDS ... ] ; do COMMANDS; done                                                           unset [-f] [-v] [-n] [name ...]
 for (( exp1; exp2; exp3 )); do COMMANDS; done                                                          until COMMANDS; do COMMANDS; done
 function name { COMMANDS ; } or name () { COMMANDS ; }                                                 variables - Names and meanings of some shell variables
 getopts optstring name [arg]                                                                           wait [-n] [id ...]
 hash [-lr] [-p pathname] [-dt] [name ...]                                                              while COMMANDS; do COMMANDS; done
 help [-dms] [pattern ...]                                                                              { COMMANDS ; }
[root@NTNX-69d33309-A ~]#  
[root@NTNX-69d33309-A ~]# 
[root@NTNX-69d33309-A ~]# 
[root@NTNX-69d33309-A ~]# cluster
-bash: cluster: command not found
[root@NTNX-69d33309-A ~]# 


[root@NTNX-69d33309-A ~]# virsh list --all
 Id   Name                  State
-------------------------------------
 1    NTNX-69d33309-A-CVM   running

[root@NTNX-69d33309-A ~]# 

Nutanix Controller VM

Nutanix Controller VM (CVM) is a virtual storage appliance.

Alteration of the CVM (unless advised by Nutanix Technical Support or
Support Portal Documentation) is unsupported and may result in loss
of User VMs or other data residing on the cluster.

Unsupported alterations may include (but are not limited to):

- Configuration changes / removal of files.
- Installation of third-party software/scripts not approved by Nutanix.
- Installation or upgrade of software packages from non-Nutanix
  sources (using yum, rpm, or similar).

** SSH to CVM via 'nutanix' user will be restricted in coming releases.  **
** Please consider using the 'admin' user for basic workflows.           **
Last login: Sat Mar 29 09:10:25 UTC 2025
Last login: Sat Mar 29 09:30:28 2025 from 192.168.86.168
nutanix@NTNX-69d33309-A-CVM:192.168.86.181:~$ date
Sat Mar 29 09:30:34 UTC 2025
nutanix@NTNX-69d33309-A-CVM:192.168.86.181:~$ 




